---
source: crates/aiken-lang/src/parser/definition/test.rs
description: "Code:\n\ntest foo(x via f, y via g) {\n    True\n}\n"
---
Test(
    Function {
        arguments: [
            ArgVia {
                arg_name: Named {
                    name: "x",
                    label: "x",
                    location: 9..10,
                    is_validator_param: false,
                },
                location: 9..16,
                via: DefinitionIdentifier {
                    module: None,
                    name: "f",
                },
                tipo: (),
            },
            ArgVia {
                arg_name: Named {
                    name: "y",
                    label: "y",
                    location: 18..19,
                    is_validator_param: false,
                },
                location: 18..25,
                via: DefinitionIdentifier {
                    module: None,
                    name: "g",
                },
                tipo: (),
            },
        ],
        body: Var {
            location: 33..37,
            name: "True",
        },
        doc: None,
        location: 0..26,
        name: "foo",
        public: false,
        return_annotation: None,
        return_type: (),
        end_position: 38,
        can_error: false,
    },
)
