---
source: crates/aiken-project/src/blueprint/validator.rs
description: "Code:\n\n/// On-chain state\ntype State {\n    /// The contestation period as a number of seconds\n    contestationPeriod: ContestationPeriod,\n    /// List of public key hashes of all participants\n    parties: List<Party>,\n    utxoHash: Hash<Blake2b_256>,\n}\n\n/// A Hash digest for a given algorithm.\ntype Hash<alg> = ByteArray\n\ntype Blake2b_256 { Blake2b_256 }\n\n/// Whatever\ntype ContestationPeriod {\n  /// A positive, non-zero number of seconds.\n  ContestationPeriod(Int)\n}\n\ntype Party =\n  ByteArray\n\ntype Input {\n    CollectCom\n    Close\n    /// Abort a transaction\n    Abort\n}\n\nvalidator {\n  fn simplified_hydra(datum: State, redeemer: Input, ctx: Data) {\n    True\n  }\n}\n"
---
{
  "title": "test_module.simplified_hydra",
  "datum": {
    "title": "datum",
    "schema": {
      "$ref": "#/definitions/test_module~1State"
    }
  },
  "redeemer": {
    "title": "redeemer",
    "schema": {
      "$ref": "#/definitions/test_module~1Input"
    }
  },
  "compiledCode": "5902b90100003232323232323232323232322323232232322533300d4a22930a998072491856616c696461746f722072657475726e65642066616c736500136563332001223232533300f300800115333013301237540042930a998080018b0a99980799b874800800454ccc04cc048dd50010a4c2a660200062c2a66601e66e1d200400115333013301237540042930a998080018b0a998080018b18081baa0010020010073253333330120011001153300c00716153300c00716153300c00716153300c0071600133323232001223232533300e300700113253330130011533010004161323253330150011533012006161323253330170011533014008161325333018301a002132323249800cc8cc0340048c94cccccc07c00454cc0640345854cc0640345854cc0640345854cc064034584dd7000800802198060028048a9980a8048b19299999980d8008a9980a8048b0a9980a8048b0a9980a8048b0a9980a8048b09bae00130180013018002325333333019001153301300716153301300716137580022a6602600e2c2a6602600e2c602c002602c00464a66666602e00220022a6602200a2c2a6602200a2c2a6602200a2c2a6602200a2c602800260226ea800854cc03c00c58c03cdd50008011119198008008019129998088008a4c26466006006602800460066024002446464a666018600a002264a6660220022a6601c0082c264a6660246028004264930008a998078028b19299999980a8008a998078028b0a998078028b0a998078028b09bad001153300f005163012001300f37540042a6601a0062c601a6ea8004008008014dc3a400064a66666601c00220022a660100082c2a660100082c2a660100082c2a660100082c00292010f72656465656d65723a20496e7075740049010c646174756d3a20537461746500230063754002460086ea80055cd2b9c5573aaae7955cfaba15744ae901",
  "hash": "21c2efc27136b1b37ed18d778ef847df90ea3de5d9dc47d274ed4ab3",
  "definitions": {
    "ByteArray": {
      "dataType": "bytes"
    },
    "Int": {
      "dataType": "integer"
    },
    "List$ByteArray": {
      "dataType": "list",
      "items": {
        "$ref": "#/definitions/ByteArray"
      }
    },
    "test_module/ContestationPeriod": {
      "title": "ContestationPeriod",
      "description": "Whatever",
      "anyOf": [
        {
          "title": "ContestationPeriod",
          "description": "A positive, non-zero number of seconds.",
          "dataType": "constructor",
          "index": 0,
          "fields": [
            {
              "$ref": "#/definitions/Int"
            }
          ]
        }
      ]
    },
    "test_module/Input": {
      "title": "Input",
      "anyOf": [
        {
          "title": "CollectCom",
          "dataType": "constructor",
          "index": 0,
          "fields": []
        },
        {
          "title": "Close",
          "dataType": "constructor",
          "index": 1,
          "fields": []
        },
        {
          "title": "Abort",
          "description": "Abort a transaction",
          "dataType": "constructor",
          "index": 2,
          "fields": []
        }
      ]
    },
    "test_module/State": {
      "title": "State",
      "description": "On-chain state",
      "anyOf": [
        {
          "title": "State",
          "dataType": "constructor",
          "index": 0,
          "fields": [
            {
              "title": "contestationPeriod",
              "description": "The contestation period as a number of seconds",
              "$ref": "#/definitions/test_module~1ContestationPeriod"
            },
            {
              "title": "parties",
              "description": "List of public key hashes of all participants",
              "$ref": "#/definitions/List$ByteArray"
            },
            {
              "title": "utxoHash",
              "$ref": "#/definitions/ByteArray"
            }
          ]
        }
      ]
    }
  }
}
