---
source: crates/aiken-project/src/blueprint/validator.rs
description: "Code:\n\npub type LinkedList<a> {\n  Cons(a, LinkedList<a>)\n  Nil\n}\n\npub type Foo {\n    Foo {\n        foo: LinkedList<Bool>,\n    }\n    Bar {\n        bar: Int,\n        baz: (ByteArray, List<LinkedList<Int>>)\n    }\n}\n\nvalidator {\n  fn recursive_generic_types(datum: Foo, redeemer: LinkedList<Int>, ctx: Void) {\n    True\n  }\n}\n"
---
{
  "title": "test_module.recursive_generic_types",
  "datum": {
    "title": "datum",
    "schema": {
      "$ref": "#/definitions/test_module~1Foo"
    }
  },
  "redeemer": {
    "title": "redeemer",
    "schema": {
      "$ref": "#/definitions/test_module~1LinkedList$Int"
    }
  },
  "compiledCode": "59044b01000032323232323232323232323223232323232232322533300f4a22930a998082491856616c696461746f722072657475726e65642066616c73650013656330040010093253333330140011001153300e00916153300e00916153300e00916153300e009160013332323200122323253330103009001132533301500115330120041613253330163018002132498cc02000401454cc04c01458c94cccccc064004400454cc04c0145854cc04c0145854cc04c0145854cc04c01458c058004c04cdd50010a9998081804000899299980a8008a998090020b09919299980b8008a9980a0030b099299980c180d0010991924c6464a6660360022a660300142c26464a66603a0022a660340182c264a66603c60400042646493191980880091980a19299999981280088008a9980f8088b0a9980f8088b0a9980f8088b0a9980f8088b0008080010018a9980d8068b1929999998108008a9980d8068b0a9980d8068b09bac001153301b00d16153301b00d16301e001301e00232533333301f001153301900b16153301900b16153301900b16153301900b161375c00260380020020040062a6602a00e2c64a6666660360022a6602a00e2c2a6602a00e2c26eb000454cc05401c5854cc05401c58c060004c060008c94cccccc06400454cc04c0145854cc04c0145854cc04c014584dd68008a998098028b180b00098099baa0021533011003163011375400200444646600200200644a66602600229309919801801980b0011801980a00091191980080080191191929998081804800899299980a8008a998090030b09919299980b8008a9980a0040b099299980c180d0010991924c660120120040062a6602a0122c64a66666603600220022a6602a0122c2a6602a0122c2a6602a0122c2a6602a0122c6030002603000464a666666032002264a66602e602c0022a6660266016602a002294454ccc04cc030c0540045280a9980a0040b0a9980a0040b1baa0011533013007161533013007161533013007161533013007163016001301337540042a66602060100022a66602860266ea80085261533011005161533011005163011375400200200800e446466002002006446464a66601e6010002264a6660280022a6602200c2c26464a66602c0022a660260102c264a66602e60320042646493198048048010018a9980a0048b19299999980d00088008a9980a0048b0a9980a0048b0a9980a0048b0a9980a0048b180b800980b80119299999980c0008a998090038b0a998090038b0a998090038b09bad0011533012007163015001301237540042a66601e600e0022a66602660246ea8008526153301000516153301000516301037540020026e1d2002370e900019299999980700088008a998040020b0a998040020b0a998040020b0a998040020b000a4811972656465656d65723a204c696e6b65644c6973743c496e743e0049010a646174756d3a20466f6f00230063754002460086ea80055cd2b9c5573aaae7955cfaba15744ae901",
  "hash": "ec735925ce001c676eeb93ee3af8be840ef5b808b5d7b9a09d96b35c",
  "definitions": {
    "Bool": {
      "title": "Bool",
      "anyOf": [
        {
          "title": "False",
          "dataType": "constructor",
          "index": 0,
          "fields": []
        },
        {
          "title": "True",
          "dataType": "constructor",
          "index": 1,
          "fields": []
        }
      ]
    },
    "ByteArray": {
      "dataType": "bytes"
    },
    "Int": {
      "dataType": "integer"
    },
    "List$test_module/LinkedList$Int": {
      "dataType": "list",
      "items": {
        "$ref": "#/definitions/test_module~1LinkedList$Int"
      }
    },
    "Tuple$ByteArray_List$test_module/LinkedList$Int": {
      "title": "Tuple",
      "dataType": "list",
      "items": [
        {
          "$ref": "#/definitions/ByteArray"
        },
        {
          "$ref": "#/definitions/List$test_module~1LinkedList$Int"
        }
      ]
    },
    "test_module/Foo": {
      "title": "Foo",
      "anyOf": [
        {
          "title": "Foo",
          "dataType": "constructor",
          "index": 0,
          "fields": [
            {
              "title": "foo",
              "$ref": "#/definitions/test_module~1LinkedList$Bool"
            }
          ]
        },
        {
          "title": "Bar",
          "dataType": "constructor",
          "index": 1,
          "fields": [
            {
              "title": "bar",
              "$ref": "#/definitions/Int"
            },
            {
              "title": "baz",
              "$ref": "#/definitions/Tuple$ByteArray_List$test_module~1LinkedList$Int"
            }
          ]
        }
      ]
    },
    "test_module/LinkedList$Bool": {
      "title": "LinkedList",
      "anyOf": [
        {
          "title": "Cons",
          "dataType": "constructor",
          "index": 0,
          "fields": [
            {
              "$ref": "#/definitions/Bool"
            },
            {
              "$ref": "#/definitions/test_module~1LinkedList$Bool"
            }
          ]
        },
        {
          "title": "Nil",
          "dataType": "constructor",
          "index": 1,
          "fields": []
        }
      ]
    },
    "test_module/LinkedList$Int": {
      "title": "LinkedList",
      "anyOf": [
        {
          "title": "Cons",
          "dataType": "constructor",
          "index": 0,
          "fields": [
            {
              "$ref": "#/definitions/Int"
            },
            {
              "$ref": "#/definitions/test_module~1LinkedList$Int"
            }
          ]
        },
        {
          "title": "Nil",
          "dataType": "constructor",
          "index": 1,
          "fields": []
        }
      ]
    }
  }
}
