---
source: crates/aiken-project/src/blueprint/validator.rs
description: "Code:\n\nvalidator {\n  fn tuples(datum: (Int, ByteArray), redeemer: (Int, Int, Int), ctx: Void) {\n    True\n  }\n}\n"
---
{
  "title": "test_module.tuples",
  "datum": {
    "title": "datum",
    "schema": {
      "$ref": "#/definitions/Tuple$Int_ByteArray"
    }
  },
  "redeemer": {
    "title": "redeemer",
    "schema": {
      "$ref": "#/definitions/Tuple$Int_Int_Int"
    }
  },
  "compiledCode": "590208010000323232323232323223232232322533300a4a22930a99805a491856616c696461746f722072657475726e65642066616c736500136563232533300c001153300b0081613232533300e001153300d00a16132325333010001153300f00c1613253330113013002132323249800c01001454cc04003458c94cccccc05000454cc0400345854cc0400345854cc040034584dd68008a998080068b180880098088011929999998090008a998070058b0a998070058b0a998070058b09bad001153300e00b16300f001300f002325333333010001153300c00916153300c00916153300c009161375a0022a660180122c601a00200200264a66666601a0022a6601200c2c2a6601200c2c26eb000454cc0240185854cc02401858004c8c94ccc02400454cc020018584c8c94ccc02c00454cc028020584c94ccc030c0380084c8c926002003153300b0091632533333300f001153300b00916153300b00916153300b00916153300b009161375c0026018002601800464a66666601a0022a6601200e2c2a6601200e2c2a6601200e2c26eb400454cc02401c58c028004004004c94cccccc02800454cc0180105854cc018010584dd60008a998030020b0a998030020b000a491972656465656d65723a2028496e742c20496e742c20496e742900490117646174756d3a2028496e742c2042797465417272617929005734ae7155cfaba15744ae91",
  "hash": "f33e73ed95f06709f7237583ccb463d8ac25957931d933ac254efa1a",
  "definitions": {
    "ByteArray": {
      "dataType": "bytes"
    },
    "Int": {
      "dataType": "integer"
    },
    "Tuple$Int_ByteArray": {
      "title": "Tuple",
      "dataType": "list",
      "items": [
        {
          "$ref": "#/definitions/Int"
        },
        {
          "$ref": "#/definitions/ByteArray"
        }
      ]
    },
    "Tuple$Int_Int_Int": {
      "title": "Tuple",
      "dataType": "list",
      "items": [
        {
          "$ref": "#/definitions/Int"
        },
        {
          "$ref": "#/definitions/Int"
        },
        {
          "$ref": "#/definitions/Int"
        }
      ]
    }
  }
}
