---
source: crates/aiken-project/src/blueprint/validator.rs
description: "Code:\n\ntype Either<left, right> {\n    Left(left)\n    Right(right)\n}\n\ntype Interval<a> {\n    Finite(a)\n    Infinite\n}\n\nvalidator {\n  fn generics(redeemer: Either<ByteArray, Interval<Int>>, ctx: Void) {\n    True\n  }\n}\n"
---
{
  "title": "test_module.generics",
  "redeemer": {
    "title": "redeemer",
    "schema": {
      "$ref": "#/definitions/test_module~1Either$ByteArray_test_module~1Interval$Int"
    }
  },
  "compiledCode": "5901ec010000323232323232323232323223232253330084a22930a99804a4811856616c696461746f722072657475726e65642066616c73650013656333232001223232533300b3370e900000089929998080008a998068020b0992999808980980109924c0022a6601c00a2c64a6666660280022a6601c00a2c2a6601c00a2c2a6601c00a2c2a6601c00a2c26eb8004c044004c038dd50010a99980599b87480080044c94ccc04000454cc034010584c94ccc044c04c0084c92633007001005153300e005163253333330140011001153300e00516153300e00516153300e00516153300e005163011001300e37540042a660180062c60186ea800400888c8c94ccc028cdc3a4000002264a66601e0022a660180082c264a6660206024004264930008a998068028b1929999998098008a998068028b0a998068028b0a998068028b09bad001153300d005163010001300d37540042a66601466e1d20020011533300e300d37540042930a998058018b0a998058018b18059baa00100200100332533333300d001100115330070031615330070031615330070031615330070031600149012a72656465656d65723a204569746865723c4279746541727261792c20496e74657276616c3c496e743e3e00230063754002460086ea80055cd2b9c5573aaae7955cfaba15744ae901",
  "hash": "8a2dd3dbc513aa0a0de5f4aae9f77d554ecfcde821c21cfa2ab2afa6",
  "definitions": {
    "ByteArray": {
      "dataType": "bytes"
    },
    "Int": {
      "dataType": "integer"
    },
    "test_module/Either$ByteArray_test_module/Interval$Int": {
      "title": "Either",
      "anyOf": [
        {
          "title": "Left",
          "dataType": "constructor",
          "index": 0,
          "fields": [
            {
              "$ref": "#/definitions/ByteArray"
            }
          ]
        },
        {
          "title": "Right",
          "dataType": "constructor",
          "index": 1,
          "fields": [
            {
              "$ref": "#/definitions/test_module~1Interval$Int"
            }
          ]
        }
      ]
    },
    "test_module/Interval$Int": {
      "title": "Interval",
      "anyOf": [
        {
          "title": "Finite",
          "dataType": "constructor",
          "index": 0,
          "fields": [
            {
              "$ref": "#/definitions/Int"
            }
          ]
        },
        {
          "title": "Infinite",
          "dataType": "constructor",
          "index": 1,
          "fields": []
        }
      ]
    }
  }
}
