---
source: crates/aiken-project/src/blueprint/validator.rs
description: "Code:\n\npub type Expr {\n  Val(Int)\n  Sum(Expr, Expr)\n  Mul(Expr, Expr)\n}\n\nvalidator {\n  fn recursive_types(redeemer: Expr, ctx: Void) {\n    True\n  }\n}\n"
---
{
  "title": "test_module.recursive_types",
  "redeemer": {
    "title": "redeemer",
    "schema": {
      "$ref": "#/definitions/test_module~1Expr"
    }
  },
  "compiledCode": "590227010000323232323232323232323223232253330084a22930a99804a4811856616c696461746f722072657475726e65642066616c736500136563332001223233001001003223232533300c3370e900000089929998088008a998070030b0992999809180a00109924c0022a6601e00e2c64a66666602a0022a6601e00e2c2a6601e00e2c2a6601e00e2c26eb400454cc03c01c58c048004c03cdd50010a99980619b87480080044c94ccc04400454cc038018584c8c94ccc04c00454cc040020584c94ccc050c0580084c8c92633009009002330080080031533011009163253333330170011001153301100916153301100916153301100916153301100916301400130140023253333330150011001153300f00716153300f00716153300f00716153300f007163012001300f37540042a66601866e1d20040011325333011001153300e006161323253330130011533010008161325333014301600213232498cc024024008cc02002000c54cc04402458c94cccccc05c004400454cc0440245854cc0440245854cc0440245854cc04402458c050004c050008c94cccccc054004400454cc03c01c5854cc03c01c5854cc03c01c5854cc03c01c58c048004c03cdd50010a998068028b18069baa00100100100332533333300d001100115330070031615330070031615330070031615330070031600149010e72656465656d65723a204578707200230063754002460086ea80055cd2b9c5573aaae7955cfaba15744ae901",
  "hash": "71e46cb7d51f688255ea7dbe2333bd6f6ebeec20354b8a6d0a7c110e",
  "definitions": {
    "Int": {
      "dataType": "integer"
    },
    "test_module/Expr": {
      "title": "Expr",
      "anyOf": [
        {
          "title": "Val",
          "dataType": "constructor",
          "index": 0,
          "fields": [
            {
              "$ref": "#/definitions/Int"
            }
          ]
        },
        {
          "title": "Sum",
          "dataType": "constructor",
          "index": 1,
          "fields": [
            {
              "$ref": "#/definitions/test_module~1Expr"
            },
            {
              "$ref": "#/definitions/test_module~1Expr"
            }
          ]
        },
        {
          "title": "Mul",
          "dataType": "constructor",
          "index": 2,
          "fields": [
            {
              "$ref": "#/definitions/test_module~1Expr"
            },
            {
              "$ref": "#/definitions/test_module~1Expr"
            }
          ]
        }
      ]
    }
  }
}
