---
source: crates/aiken-project/src/blueprint/validator.rs
description: "Code:\n\npub type Foo {\n    foo: Int\n}\n\nvalidator {\n    fn annotated_data(datum: Data<Foo>, redeemer: Data, ctx: Void) {\n        True\n    }\n}\n"
---
{
  "title": "test_module.annotated_data",
  "datum": {
    "title": "datum",
    "schema": {
      "$ref": "#/definitions/test_module~1Foo"
    }
  },
  "redeemer": {
    "title": "redeemer",
    "schema": {
      "$ref": "#/definitions/Data"
    }
  },
  "compiledCode": "585f01000032323232232232253330084a22930a99804a491856616c696461746f722072657475726e65642066616c736500136560010014910e72656465656d65723a204461746100490110646174756d3a20446174613c466f6f3e005734ae71",
  "hash": "056bd474cf7a1df6d87412f4ecb5d99966fcc11b039a67451c0a2aa9",
  "definitions": {
    "Data": {
      "title": "Data",
      "description": "Any Plutus data."
    },
    "Int": {
      "dataType": "integer"
    },
    "test_module/Foo": {
      "title": "Foo",
      "anyOf": [
        {
          "title": "Foo",
          "dataType": "constructor",
          "index": 0,
          "fields": [
            {
              "title": "foo",
              "$ref": "#/definitions/Int"
            }
          ]
        }
      ]
    }
  }
}
