---
source: crates/aiken-project/src/blueprint/validator.rs
description: "Code:\n\ntype Dict<key, value> {\n    inner: List<(ByteArray, value)>\n}\n\ntype UUID { UUID }\n\nvalidator {\n  fn list_2_tuples_as_map(redeemer: Dict<UUID, Int>, ctx: Void) {\n    True\n  }\n}\n"
---
{
  "title": "test_module.list_2_tuples_as_map",
  "redeemer": {
    "title": "redeemer",
    "schema": {
      "$ref": "#/definitions/test_module~1Dict$test_module~1UUID_Int"
    }
  },
  "compiledCode": "5901cd010000323232323232323232323223232253330084a22930a99804a4811856616c696461746f722072657475726e65642066616c73650013656333232001223232533300b3370e900000089929998080008a998068020b0992999808980980109924c646601000246464a66602a0022a660240122c26464a66602e0022a660280162c264a666030603400426464930010018a9980a8060b19299999980d8008a9980a8060b0a9980a8060b0a9980a8060b09bad001153301500c1630180013018002325333333019001153301300a16153301300a16153301300a16153301300a161375c002602c00200264a66666602e0022a660220102c2a660220102c26eb000454cc0440205854cc0440205800400454cc03801458c94cccccc05000454cc0380145854cc038014584dd60008a998070028b0a998070028b180880098071baa002153300c00316300c375400200444646600200200644a66601c0022930991980180198088011801980780080080199299999980680088008a998038018b0a998038018b0a998038018b0a998038018b000a491972656465656d65723a20446963743c555549442c20496e743e00230063754002460086ea80055cd2b9c5573aaae7955cfaba15744ae901",
  "hash": "0f7b2afaff5872eddfa775d287d80ab165b215d61632f1107822045a",
  "definitions": {
    "ByteArray": {
      "dataType": "bytes"
    },
    "Int": {
      "dataType": "integer"
    },
    "List$Tuple$ByteArray_Int": {
      "dataType": "map",
      "keys": {
        "$ref": "#/definitions/ByteArray"
      },
      "values": {
        "$ref": "#/definitions/Int"
      }
    },
    "test_module/Dict$test_module/UUID_Int": {
      "title": "Dict",
      "anyOf": [
        {
          "title": "Dict",
          "dataType": "constructor",
          "index": 0,
          "fields": [
            {
              "title": "inner",
              "$ref": "#/definitions/List$Tuple$ByteArray_Int"
            }
          ]
        }
      ]
    }
  }
}
